// Jest Snapshot v1, https://goo.gl/fbAQLP

exports[`Register Snapshoot 1`] = `
<RCTScrollView>
  <View>
    <View
      style={
        Object {
          "alignItems": "center",
          "backgroundColor": "#8180b7",
          "borderBottomEndRadius": 150,
          "borderBottomStartRadius": 150,
          "flexDirection": "row",
          "justifyContent": "center",
        }
      }
    >
      <Text
        style={
          Array [
            Object {
              "fontFamily": "PassionsConflict-Regular",
            },
            Object {
              "color": "#000000",
              "fontSize": 66,
              "letterSpacing": 3.142857142857143,
              "margin": 15.714285714285714,
              "textAlign": "center",
            },
          ]
        }
      >
        iRead
      </Text>
    </View>
    <View>
      <View>
        <Text
          style={
            Array [
              Object {
                "fontFamily": "Courgette-Regular",
              },
              Object {
                "alignSelf": "center",
                "color": "#272b5a",
                "fontSize": 50.285714285714285,
                "letterSpacing": 0.7857142857142857,
                "marginTop": 23.57142857142857,
              },
            ]
          }
        >
          Register
        </Text>
        <Image
          source={
            Object {
              "testUri": "../../../src/assets/Image/value-is-inside.png",
            }
          }
          style={
            Object {
              "alignSelf": "center",
              "height": 471.42857142857144,
              "resizeMode": "contain",
              "width": 392.85714285714283,
            }
          }
        />
        <View>
          <View
            style={
              Object {
                "alignSelf": "center",
              }
            }
          >
            <TextInput
              onChangeText={[Function]}
              placeholder="Email"
              placeholderTextColor="#272b5a"
              secureTextEntry={false}
              style={
                Array [
                  Object {
                    "borderBottomWidth": 1.5714285714285714,
                    "borderColor": "#535487",
                    "borderRadius": 7.857142857142857,
                    "color": "#272b5a",
                    "height": 72.28571428571428,
                    "marginBottom": 18.857142857142858,
                    "padding": 15.714285714285714,
                    "width": 424.2857142857143,
                  },
                  Object {},
                ]
              }
              value=""
            />
          </View>
          <View
            style={
              Object {
                "alignSelf": "center",
              }
            }
          >
            <TextInput
              onChangeText={[Function]}
              placeholder="Name"
              placeholderTextColor="#272b5a"
              secureTextEntry={false}
              style={
                Array [
                  Object {
                    "borderBottomWidth": 1.5714285714285714,
                    "borderColor": "#535487",
                    "borderRadius": 7.857142857142857,
                    "color": "#272b5a",
                    "height": 72.28571428571428,
                    "marginBottom": 18.857142857142858,
                    "padding": 15.714285714285714,
                    "width": 424.2857142857143,
                  },
                  Object {},
                ]
              }
              value=""
            />
          </View>
          <View
            style={
              Object {
                "alignSelf": "center",
              }
            }
          >
            <TextInput
              onChangeText={[Function]}
              placeholder="Password"
              placeholderTextColor="#272b5a"
              secureTextEntry={true}
              style={
                Array [
                  Object {
                    "borderBottomWidth": 1.5714285714285714,
                    "borderColor": "#535487",
                    "borderRadius": 7.857142857142857,
                    "color": "#272b5a",
                    "height": 72.28571428571428,
                    "marginBottom": 18.857142857142858,
                    "padding": 15.714285714285714,
                    "width": 424.2857142857143,
                  },
                  Object {},
                ]
              }
              value=""
            />
          </View>
        </View>
        <View
          accessible={true}
          collapsable={false}
          focusable={true}
          onClick={[Function]}
          onResponderGrant={[Function]}
          onResponderMove={[Function]}
          onResponderRelease={[Function]}
          onResponderTerminate={[Function]}
          onResponderTerminationRequest={[Function]}
          onStartShouldSetResponder={[Function]}
          style={
            Object {
              "alignSelf": "center",
              "backgroundColor": "#535487",
              "borderRadius": 4.714285714285714,
              "margin": 15.714285714285714,
              "opacity": 1,
              "padding": 15.714285714285714,
              "width": 408.57142857142856,
            }
          }
        >
          <Text
            ellipsizeMode="tail"
            numberOfLines={0}
            style={
              Array [
                Object {
                  "fontFamily": "LibreBaskerville-Regular",
                },
                Object {
                  "alignSelf": "center",
                  "color": "#FFFFFF",
                  "fontSize": 22,
                },
              ]
            }
          >
            Register
          </Text>
        </View>
        <View
          style={
            Object {
              "alignSelf": "center",
              "flexDirection": "row",
              "margin": 15.714285714285714,
            }
          }
        >
          <Text
            ellipsizeMode="tail"
            numberOfLines={0}
            style={
              Array [
                Object {
                  "fontFamily": "LibreBaskerville-Regular",
                },
                Object {
                  "color": "#000000",
                },
              ]
            }
          >
            Have an Account?
          </Text>
          <View
            accessible={true}
            collapsable={false}
            focusable={true}
            onClick={[Function]}
            onResponderGrant={[Function]}
            onResponderMove={[Function]}
            onResponderRelease={[Function]}
            onResponderTerminate={[Function]}
            onResponderTerminationRequest={[Function]}
            onStartShouldSetResponder={[Function]}
            style={
              Object {
                "opacity": 1,
              }
            }
          >
            <Text
              ellipsizeMode="tail"
              numberOfLines={0}
              style={
                Array [
                  Object {
                    "fontFamily": "LibreBaskerville-Regular",
                  },
                  Object {
                    "color": "#272b5a",
                    "fontSize": 18.857142857142858,
                    "marginStart": 15.714285714285714,
                  },
                ]
              }
            >
              Login
            </Text>
          </View>
        </View>
      </View>
    </View>
  </View>
</RCTScrollView>
`;
